## XCUITest drive (exit 0) -- see /var/folders/pm/7cfyh_553n554l9880l7y2rw0000gn/T/tmp.nSGy7Ca2Cr for the full transcript
    t =    22.24s Find the Any (Element at index 0)
    t =    22.33s Find the Application 'com.apple.springboard'
    t =    22.52s Added attachment named 'continue-found-poll1-screenshot'
    t =    22.52s Requesting snapshot of accessibility hierarchy for app with pid 85603
    t =    22.96s Requesting snapshot of accessibility hierarchy for app with pid 85603
    t =    23.06s Added attachment named 'continue-found-poll1-hierarchy'
    t =    23.07s Tap "Continue" StaticText
    t =    23.07s     Wait for com.apple.springboard to idle
    t =    23.07s     Find the "Continue" StaticText
    t =    23.13s     Check for interrupting elements affecting "Continue" StaticText
    t =    23.20s     Synthesize event
    t =    23.52s     Wait for com.apple.springboard to idle
    t =    23.52s Find the Application 'com.apple.mobilesafari'
    t =    23.70s Added attachment named 'poll-1-screenshot'
    t =    23.70s Requesting snapshot of accessibility hierarchy for app with pid 519
    t =    23.91s Requesting snapshot of accessibility hierarchy for app with pid 519
    t =    23.96s Added attachment named 'poll-1-hierarchy'
    t =    26.97s Find the Application 'com.apple.mobilesafari'
    t =    27.09s Added attachment named 'final-state-selectedProvider=true-tappedContinue=true-screenshot'
    t =    27.09s Requesting snapshot of accessibility hierarchy for app with pid 519
    t =    27.22s Requesting snapshot of accessibility hierarchy for app with pid 519
    t =    27.25s Added attachment named 'final-state-selectedProvider=true-tappedContinue=true-hierarchy'
    t =    27.25s Tear Down
Test Case '-[PasskeyVaultUITests.AutoFillPasskeyTracerUITests testPasskeyAssertionAgainstRpFixture]' passed (27.484 seconds).
Test Suite 'AutoFillPasskeyTracerUITests' passed at 2026-08-21 10:05:48.017 PM.
	 Executed 1 test, with 0 failures (0 unexpected) in 27.484 (27.485) seconds
Test Suite 'PasskeyVaultUITests.xctest' passed at 2026-08-21 10:05:48.018 PM.
	 Executed 1 test, with 0 failures (0 unexpected) in 27.484 (27.486) seconds
Test Suite 'Selected tests' passed at 2026-08-21 10:05:48.018 PM.
	 Executed 1 test, with 0 failures (0 unexpected) in 27.484 (27.487) seconds
2026-08-21 22:05:48.347 xcodebuild[157:11771803] [MT] IDETestOperationsObserverDebug: 31.226 elapsed -- Testing started completed.
2026-08-21 22:05:48.347 xcodebuild[157:11771803] [MT] IDETestOperationsObserverDebug: 0.000 sec, +0.000 sec -- start
2026-08-21 22:05:48.347 xcodebuild[157:11771803] [MT] IDETestOperationsObserverDebug: 31.226 sec, +31.226 sec -- end

Test session results, code coverage, and logs:
	/tmp/pv-dd/Logs/Test/Test-PasskeyVault-2026.08.21_10-04-55-+0200.xcresult

** TEST SUCCEEDED **

Testing started

## crates/rp-fixture stdout, this run
    Finished `dev` profile [unoptimized + debuginfo] target(s) in 0.36s
     Running `target/debug/rp-fixture --port 8900`
RPFIXTURE|route=boot addr=127.0.0.1:8900 status=listening
RPFIXTURE|route=/ rp_id=localhost mode=get user_name=None
RPFIXTURE|route=init rp_id=localhost origin=http://localhost:8900/ status=created
RPFIXTURE|route=/challenge/register rp_id=localhost user_name=ios-tracer-43-03 status=issued
RPFIXTURE|route=/register/finish rp_id=localhost ok=true reason=registered
RPFIXTURE|route=/ rp_id=localhost mode=get user_name=None
RPFIXTURE|route=/ rp_id=localhost mode=get user_name=None
RPFIXTURE|route=/challenge/assert rp_id=localhost status=issued
RPFIXTURE|route=/assert/finish rp_id=localhost ok=true reason=verified
