## XCUITest drive (exit 0) -- see /var/folders/pm/7cfyh_553n554l9880l7y2rw0000gn/T/tmp.2VRk6TrId4 for the full transcript
    t =    22.87s Find the Any (Element at index 0)
    t =    22.91s Find the Application 'com.apple.springboard'
    t =    23.06s Added attachment named 'continue-found-poll1-screenshot'
    t =    23.06s Requesting snapshot of accessibility hierarchy for app with pid 8447
    t =    23.43s Requesting snapshot of accessibility hierarchy for app with pid 8447
    t =    23.51s Added attachment named 'continue-found-poll1-hierarchy'
    t =    23.51s Tap "Continue" StaticText
    t =    23.51s     Wait for com.apple.springboard to idle
    t =    23.51s     Find the "Continue" StaticText
    t =    23.57s     Check for interrupting elements affecting "Continue" StaticText
    t =    23.64s     Synthesize event
    t =    23.95s     Wait for com.apple.springboard to idle
    t =    23.96s Find the Application 'com.apple.mobilesafari'
    t =    24.15s Added attachment named 'poll-1-screenshot'
    t =    24.15s Requesting snapshot of accessibility hierarchy for app with pid 24148
    t =    24.47s Requesting snapshot of accessibility hierarchy for app with pid 24148
    t =    24.51s Added attachment named 'poll-1-hierarchy'
    t =    27.52s Find the Application 'com.apple.mobilesafari'
    t =    27.64s Added attachment named 'final-state-selectedProvider=true-tappedContinue=true-screenshot'
    t =    27.64s Requesting snapshot of accessibility hierarchy for app with pid 24148
    t =    27.78s Requesting snapshot of accessibility hierarchy for app with pid 24148
    t =    27.82s Added attachment named 'final-state-selectedProvider=true-tappedContinue=true-hierarchy'
    t =    27.82s Tear Down
Test Case '-[PasskeyVaultUITests.AutoFillPasskeyTracerUITests testPasskeyAssertionAgainstRpFixture]' passed (28.073 seconds).
Test Suite 'AutoFillPasskeyTracerUITests' passed at 2026-08-22 11:03:52.633 AM.
	 Executed 1 test, with 0 failures (0 unexpected) in 28.073 (28.075) seconds
Test Suite 'PasskeyVaultUITests.xctest' passed at 2026-08-22 11:03:52.634 AM.
	 Executed 1 test, with 0 failures (0 unexpected) in 28.073 (28.077) seconds
Test Suite 'Selected tests' passed at 2026-08-22 11:03:52.635 AM.
	 Executed 1 test, with 0 failures (0 unexpected) in 28.073 (28.079) seconds
2026-08-22 11:03:52.994 xcodebuild[23780:13143263] [MT] IDETestOperationsObserverDebug: 32.646 elapsed -- Testing started completed.
2026-08-22 11:03:52.994 xcodebuild[23780:13143263] [MT] IDETestOperationsObserverDebug: 0.000 sec, +0.000 sec -- start
2026-08-22 11:03:52.994 xcodebuild[23780:13143263] [MT] IDETestOperationsObserverDebug: 32.646 sec, +32.646 sec -- end

Test session results, code coverage, and logs:
	/tmp/pv-dd/Logs/Test/Test-PasskeyVault-2026.08.22_11-03-00-+0200.xcresult

** TEST SUCCEEDED **

Testing started

## crates/rp-fixture stdout, this run
    Finished `dev` profile [unoptimized + debuginfo] target(s) in 0.43s
     Running `target/debug/rp-fixture --port 8900`
RPFIXTURE|route=boot addr=127.0.0.1:8900 status=listening
RPFIXTURE|route=/ rp_id=localhost mode=get user_name=None
RPFIXTURE|route=init rp_id=localhost origin=http://localhost:8900/ status=created
RPFIXTURE|route=/challenge/register rp_id=localhost user_name=e43-interop-ext-user status=issued
RPFIXTURE|route=/register/finish rp_id=localhost ok=true reason=registered
RPFIXTURE|route=/ rp_id=localhost mode=get user_name=None
RPFIXTURE|route=/ rp_id=localhost mode=get user_name=None
RPFIXTURE|route=/challenge/assert rp_id=localhost status=issued
