Command line invocation:
    /Applications/Xcode-26.6.0.app/Contents/Developer/usr/bin/xcodebuild build -project ios/PasskeyVault/PasskeyVault.xcodeproj -scheme PasskeyVaultHarness -destination "generic/platform=iOS Simulator"

2026-08-22 00:51:43.659 xcodebuild[22610:12265614]  DVTProvisioningProfileManager: Failed to load profile "/Users/j5on/Library/Developer/Xcode/UserData/Provisioning Profiles/-" (Error Domain=DVTProvisioningProfileSourceErrorDomain Code=0 "No provisioning profile provider found for profile "/Users/j5on/Library/Developer/Xcode/UserData/Provisioning Profiles/-"." UserInfo={NSLocalizedDescription=No provisioning profile provider found for profile "/Users/j5on/Library/Developer/Xcode/UserData/Provisioning Profiles/-".})
2026-08-22 00:51:43.747 xcodebuild[22610:12265555] [MT] IDERunDestination: Supported platforms for the buildables in the current scheme is empty.
ComputePackagePrebuildTargetDependencyGraph

Prepare packages

CreateBuildRequest

SendProjectDescription

CreateBuildOperation

ComputeTargetDependencyGraph
note: Building targets in dependency order
note: Target dependency graph (1 target)
    Target 'PasskeyVaultHarness' in project 'PasskeyVault' (no dependencies)

GatherProvisioningInputs

CreateBuildDescription

ExecuteExternalTool /Applications/Xcode-26.6.0.app/Contents/Developer/Toolchains/XcodeDefault.xctoolchain/usr/bin/clang -v -E -dM -isysroot /Applications/Xcode-26.6.0.app/Contents/Developer/Platforms/iPhoneSimulator.platform/Developer/SDKs/iPhoneSimulator26.5.sdk -x c -c /dev/null

ExecuteExternalTool /Applications/Xcode-26.6.0.app/Contents/Developer/Toolchains/XcodeDefault.xctoolchain/usr/bin/swiftc --version

ExecuteExternalTool /Applications/Xcode-26.6.0.app/Contents/Developer/Toolchains/XcodeDefault.xctoolchain/usr/bin/ld -version_details

Build description signature: f389236f472fcba881020ac55c90b906
Build description path: /Users/j5on/Library/Developer/Xcode/DerivedData/PasskeyVault-habzjqjyihpurlhhavrkdiveaspw/Build/Intermediates.noindex/XCBuildData/f389236f472fcba881020ac55c90b906.xcbuilddata
ClangStatCache /Applications/Xcode-26.6.0.app/Contents/Developer/Toolchains/XcodeDefault.xctoolchain/usr/bin/clang-stat-cache /Applications/Xcode-26.6.0.app/Contents/Developer/Platforms/iPhoneSimulator.platform/Developer/SDKs/iPhoneSimulator26.5.sdk /Users/j5on/Library/Developer/Xcode/DerivedData/SDKStatCaches.noindex/iphonesimulator26.5-23F81a-f1afc054c1cac950feb885fa0ed580ea.sdkstatcache
    cd /Users/j5on/.work/projects/passkey-vault-ios/ios/PasskeyVault/PasskeyVault.xcodeproj
    /Applications/Xcode-26.6.0.app/Contents/Developer/Toolchains/XcodeDefault.xctoolchain/usr/bin/clang-stat-cache /Applications/Xcode-26.6.0.app/Contents/Developer/Platforms/iPhoneSimulator.platform/Developer/SDKs/iPhoneSimulator26.5.sdk -o /Users/j5on/Library/Developer/Xcode/DerivedData/SDKStatCaches.noindex/iphonesimulator26.5-23F81a-f1afc054c1cac950feb885fa0ed580ea.sdkstatcache

ProcessInfoPlistFile /Users/j5on/Library/Developer/Xcode/DerivedData/PasskeyVault-habzjqjyihpurlhhavrkdiveaspw/Build/Products/Debug-iphonesimulator/PasskeyVaultHarness.app/Info.plist /Users/j5on/Library/Developer/Xcode/DerivedData/PasskeyVault-habzjqjyihpurlhhavrkdiveaspw/Build/Intermediates.noindex/PasskeyVault.build/Debug-iphonesimulator/PasskeyVaultHarness.build/empty-PasskeyVaultHarness.plist (in target 'PasskeyVaultHarness' from project 'PasskeyVault')
    cd /Users/j5on/.work/projects/passkey-vault-ios/ios/PasskeyVault
    builtin-infoPlistUtility /Users/j5on/Library/Developer/Xcode/DerivedData/PasskeyVault-habzjqjyihpurlhhavrkdiveaspw/Build/Intermediates.noindex/PasskeyVault.build/Debug-iphonesimulator/PasskeyVaultHarness.build/empty-PasskeyVaultHarness.plist -producttype com.apple.product-type.application -genpkginfo /Users/j5on/Library/Developer/Xcode/DerivedData/PasskeyVault-habzjqjyihpurlhhavrkdiveaspw/Build/Products/Debug-iphonesimulator/PasskeyVaultHarness.app/PkgInfo -expandbuildsettings -format binary -platform iphonesimulator -o /Users/j5on/Library/Developer/Xcode/DerivedData/PasskeyVault-habzjqjyihpurlhhavrkdiveaspw/Build/Products/Debug-iphonesimulator/PasskeyVaultHarness.app/Info.plist

CopySwiftLibs /Users/j5on/Library/Developer/Xcode/DerivedData/PasskeyVault-habzjqjyihpurlhhavrkdiveaspw/Build/Products/Debug-iphonesimulator/PasskeyVaultHarness.app (in target 'PasskeyVaultHarness' from project 'PasskeyVault')
    cd /Users/j5on/.work/projects/passkey-vault-ios/ios/PasskeyVault
    builtin-swiftStdLibTool --copy --verbose --sign - --scan-executable /Users/j5on/Library/Developer/Xcode/DerivedData/PasskeyVault-habzjqjyihpurlhhavrkdiveaspw/Build/Products/Debug-iphonesimulator/PasskeyVaultHarness.app/PasskeyVaultHarness.debug.dylib --scan-folder /Users/j5on/Library/Developer/Xcode/DerivedData/PasskeyVault-habzjqjyihpurlhhavrkdiveaspw/Build/Products/Debug-iphonesimulator/PasskeyVaultHarness.app/Frameworks --scan-folder /Users/j5on/Library/Developer/Xcode/DerivedData/PasskeyVault-habzjqjyihpurlhhavrkdiveaspw/Build/Products/Debug-iphonesimulator/PasskeyVaultHarness.app/PlugIns --scan-folder /Users/j5on/Library/Developer/Xcode/DerivedData/PasskeyVault-habzjqjyihpurlhhavrkdiveaspw/Build/Products/Debug-iphonesimulator/PasskeyVaultHarness.app/SystemExtensions --scan-folder /Users/j5on/Library/Developer/Xcode/DerivedData/PasskeyVault-habzjqjyihpurlhhavrkdiveaspw/Build/Products/Debug-iphonesimulator/PasskeyVaultHarness.app/Extensions --platform iphonesimulator --toolchain /Applications/Xcode-26.6.0.app/Contents/Developer/Toolchains/XcodeDefault.xctoolchain --destination /Users/j5on/Library/Developer/Xcode/DerivedData/PasskeyVault-habzjqjyihpurlhhavrkdiveaspw/Build/Products/Debug-iphonesimulator/PasskeyVaultHarness.app/Frameworks --strip-bitcode --strip-bitcode-tool /Applications/Xcode-26.6.0.app/Contents/Developer/Toolchains/XcodeDefault.xctoolchain/usr/bin/bitcode_strip --emit-dependency-info /Users/j5on/Library/Developer/Xcode/DerivedData/PasskeyVault-habzjqjyihpurlhhavrkdiveaspw/Build/Intermediates.noindex/PasskeyVault.build/Debug-iphonesimulator/PasskeyVaultHarness.build/SwiftStdLibToolInputDependencies.dep --filter-for-swift-os --back-deploy-swift-span

** BUILD SUCCEEDED **

