=== FALSIFICATION PROOF: negative control DISABLED (expect the assertion to fail) ===
   Compiling pv-provider v0.1.0 (/Users/j5on/.work/projects/passkey-vault-ios/crates/pv-provider)
warning: variable does not need to be mutable
   --> crates/pv-provider/tests/real_rp_verification.rs:283:9
    |
283 |     let mut auth_data_bytes = auth_data
    |         ----^^^^^^^^^^^^^^^
    |         |
    |         help: remove this `mut`
    |
    = note: `#[warn(unused_mut)]` (part of `#[warn(unused)]`) on by default

warning: `pv-provider` (test "real_rp_verification") generated 1 warning (run `cargo fix --test "real_rp_verification" -p pv-provider` to apply 1 suggestion)
    Finished `test` profile [unoptimized + debuginfo] target(s) in 1.48s
     Running tests/real_rp_verification.rs (target/debug/deps/real_rp_verification-b3b77e9e4f4f2402)

running 2 tests

thread 'make_credential_ctap2_attestation_verified_by_independent_webauthn_rs' (11879186) panicked at crates/pv-provider/tests/real_rp_verification.rs:250:5:
a corrupted attestation object must be rejected by the independent webauthn-rs verifier, proving this check is genuinely falsifiable -- got: Ok(Passkey { cred: CredentialV5 { cred_id: HumanBinaryData([165, 129, 156, 14, 108, 168, 22, 8, 212, 39, 237, 211, 197, 69, 6, 174]), cred: COSEKey { type_: ES256, key: EC_EC2(COSEEC2Key { curve: SECP256R1, x: HumanBinaryData([86, 111, 66, 57, 220, 204, 247, 109, 63, 102, 98, 188, 111, 241, 167, 12, 12, 247, 208, 95, 169, 14, 213, 60, 6, 204, 181, 90, 32, 105, 29, 89]), y: HumanBinaryData([78, 197, 71, 194, 104, 173, 63, 220, 57, 242, 234, 225, 4, 46, 114, 140, 46, 166, 184, 219, 173, 96, 23, 174, 31, 53, 233, 11, 222, 195, 168, 125]) }) }, counter: 0, transports: None, user_verified: true, backup_eligible: true, backup_state: true, registration_policy: Required, extensions: RegisteredExtensions { cred_protect: Ignored, hmac_create_secret: NotRequested, appid: NotRequested, cred_props: Ignored }, attestation: ParsedAttestation { data: None, metadata: None }, attestation_format: None } })
note: run with `RUST_BACKTRACE=1` environment variable to display a backtrace
test make_credential_ctap2_attestation_verified_by_independent_webauthn_rs ... FAILED
test pv_provider_round_trip_verified_by_independent_webauthn_rs ... ok

failures:

failures:
    make_credential_ctap2_attestation_verified_by_independent_webauthn_rs

test result: FAILED. 1 passed; 1 failed; 0 ignored; 0 measured; 0 filtered out; finished in 0.02s

error: test failed, to rerun pass `-p pv-provider --test real_rp_verification`

=== RESTORED: negative control ENABLED (expect PASS) ===
   Compiling pv-provider v0.1.0 (/Users/j5on/.work/projects/passkey-vault-ios/crates/pv-provider)
    Finished `test` profile [unoptimized + debuginfo] target(s) in 0.78s
     Running tests/real_rp_verification.rs (target/debug/deps/real_rp_verification-b3b77e9e4f4f2402)

running 2 tests
test make_credential_ctap2_attestation_verified_by_independent_webauthn_rs ... ok
test pv_provider_round_trip_verified_by_independent_webauthn_rs ... ok

test result: ok. 2 passed; 0 failed; 0 ignored; 0 measured; 0 filtered out; finished in 0.02s

