
Running 1 test using 1 worker

==> sc5-register: pinned simulator UDID: 34992BB7-4982-4915-92C7-C7FC987802AF
==> sc5-register: building pv-ffi (plain variant)
==> variant: plain (no extra features -- the artifact every non-test consumer, including the appex, links)
==> uniffi version (single-sourced): 0.32.0
==> IPHONEOS_DEPLOYMENT_TARGET=18.0 (must match project.pbxproj)
==> Building pv-ffi for aarch64-apple-ios-sim (staticlib, release)
    Finished `release` profile [optimized] target(s) in 0.29s
==> Building pv-ffi for aarch64-apple-ios (staticlib, release)
    Finished `release` profile [optimized] target(s) in 0.19s
==> Generating Swift bindings (uniffi-bindgen-swift)
    Finished `dev` profile [unoptimized + debuginfo] target(s) in 0.19s
     Running `target/debug/uniffi-bindgen-swift target/aarch64-apple-ios/release/libpv_ffi.a ios/PasskeyVault/build/swift-bindings/Headers --headers --modulemap --modulemap-filename module.modulemap --module-name pv_ffiFFI`
    Finished `dev` profile [unoptimized + debuginfo] target(s) in 0.12s
     Running `target/debug/uniffi-bindgen-swift target/aarch64-apple-ios/release/libpv_ffi.a ios/PasskeyVault/build/swift-bindings --swift-sources`
==> Assembling PvFfi.xcframework
xcframework successfully written out to: /Users/j5on/.work/projects/passkey-vault-ios/ios/PasskeyVault/build/PvFfi.xcframework
==> Running the vtool slice gate
==> OK: ios-arm64 (pv_ffi-554da463dc6567f1.pv_ffi.8d9c1ff36d2991a9-cgu.08.rcgu.o) matches the expected load command (/^[[:space:]]*platform[[:space:]]+IOS$/)
==> OK: ios-arm64-simulator (pv_ffi-5ff1166bfdc679bb.pv_ffi.c9f552404ace256e-cgu.01.rcgu.o) matches the expected load command (/^[[:space:]]*platform[[:space:]]+IOSSIMULATOR$/)
==> Done. XCFramework: ios/PasskeyVault/build/PvFfi.xcframework
==> Done. Swift bindings: ios/PasskeyVault/build/swift-bindings
==> sc5-register: building app+extension (PV_PROBE_E43_SC4, reused verbatim)
==> HIT landmine L-10 (cold DerivedData mismatch) -- retrying once
==> sc5-register: building the UI test bundle (PasskeyVaultUITests)
==> sc5-register: launching host app to run PasskeyRegistrationSc4Seeder.seed() (REAL AccountService.register against the caller's own server)
==> sc5-register: account registered ok
==> sc5-register: driving Safari against the fixture, mode=create (AutoFillPasskeyRegistrationUITests, reused verbatim)
## XCUITest drive (exit 0)
    t =    14.52s     Check for interrupting elements affecting "ASAuthorizationControllerContinueButton" Other
    t =    14.56s     Synthesize event
    t =    14.86s     Wait for com.apple.springboard to idle
    t =    14.87s Find the Application 'com.apple.mobilesafari'
    t =    14.98s Added attachment named 'poll-1-screenshot'
    t =    14.98s Requesting snapshot of accessibility hierarchy for app with pid 61427
    t =    15.15s Requesting snapshot of accessibility hierarchy for app with pid 61427
    t =    15.18s Added attachment named 'poll-1-hierarchy'
    t =    15.18s Checking existence of `"passkeyRegistration.confirm" Button`
    t =    15.20s Get number of matches for: Elements matching predicate 'label CONTAINS[cd] "Create passkey"'
    t =    15.22s Checking existence of `"passkeyRegistration.confirm" Button`
    t =    15.27s Get number of matches for: Elements matching predicate 'label CONTAINS[cd] "Create passkey"'
    t =    15.33s Find the Application 'com.apple.mobilesafari'
    t =    15.46s Added attachment named 'poll-2-screenshot'
    t =    15.46s Requesting snapshot of accessibility hierarchy for app with pid 61427
    t =    15.62s Requesting snapshot of accessibility hierarchy for app with pid 61427
    t =    15.66s Added attachment named 'poll-2-hierarchy'
    t =    16.16s Checking existence of `"passkeyRegistration.confirm" Button`
    t =    16.18s Get number of matches for: Elements matching predicate 'label CONTAINS[cd] "Create passkey"'
    t =    16.20s Checking existence of `"passkeyRegistration.confirm" Button`
    t =    16.34s Find the "passkeyRegistration.confirm" Button
    t =    16.37s Find the Application 'com.apple.springboard'
    t =    16.49s Added attachment named 'confirm-button-found-poll3-screenshot'
    t =    16.49s Requesting snapshot of accessibility hierarchy for app with pid 77032
    t =    16.76s Requesting snapshot of accessibility hierarchy for app with pid 77032
    t =    16.81s Added attachment named 'confirm-button-found-poll3-hierarchy'
    t =    16.81s Tap "passkeyRegistration.confirm" Button
    t =    16.81s     Wait for com.apple.springboard to idle
    t =    16.82s     Find the "passkeyRegistration.confirm" Button
    t =    16.85s     Check for interrupting elements affecting "passkeyRegistration.confirm" Button
    t =    16.88s     Synthesize event
    t =    17.18s     Wait for com.apple.springboard to idle
    t =    17.18s Find the Application 'com.apple.mobilesafari'
    t =    17.31s Added attachment named 'poll-3-screenshot'
    t =    17.31s Requesting snapshot of accessibility hierarchy for app with pid 61427
    t =    17.46s Requesting snapshot of accessibility hierarchy for app with pid 61427
    t =    17.49s Added attachment named 'poll-3-hierarchy'
    t =    20.49s Find the Application 'com.apple.mobilesafari'
    t =    20.61s Added attachment named 'final-state-selectedProvider=true-tappedContinue=true-tappedCreatePasskey=true-screenshot'
    t =    20.61s Requesting snapshot of accessibility hierarchy for app with pid 61427
    t =    20.75s Requesting snapshot of accessibility hierarchy for app with pid 61427
    t =    20.78s Added attachment named 'final-state-selectedProvider=true-tappedContinue=true-tappedCreatePasskey=true-hierarchy'
    t =    20.78s Tear Down
Test Case '-[PasskeyVaultUITests.AutoFillPasskeyRegistrationUITests testPasskeyRegistrationAgainstRpFixture]' passed (21.034 seconds).
Test Suite 'AutoFillPasskeyRegistrationUITests' passed at 2026-08-22 2:01:26.899 PM.
	 Executed 1 test, with 0 failures (0 unexpected) in 21.034 (21.035) seconds
Test Suite 'PasskeyVaultUITests.xctest' passed at 2026-08-22 2:01:26.899 PM.
	 Executed 1 test, with 0 failures (0 unexpected) in 21.034 (21.036) seconds
Test Suite 'Selected tests' passed at 2026-08-22 2:01:26.900 PM.
	 Executed 1 test, with 0 failures (0 unexpected) in 21.034 (21.038) seconds
2026-08-22 14:01:27.248 xcodebuild[61147:13673766] [MT] IDETestOperationsObserverDebug: 23.517 elapsed -- Testing started completed.
2026-08-22 14:01:27.248 xcodebuild[61147:13673766] [MT] IDETestOperationsObserverDebug: 0.000 sec, +0.000 sec -- start
2026-08-22 14:01:27.248 xcodebuild[61147:13673766] [MT] IDETestOperationsObserverDebug: 23.517 sec, +23.517 sec -- end

Test session results, code coverage, and logs:
	/tmp/pv-dd/Logs/Test/Test-PasskeyVault-2026.08.22_2-00-48-+0200.xcresult

** TEST SUCCEEDED **

Testing started
==> sc5-register: confirming server-visible via a direct GET /api/vault/items snapshot (receiver-side proof: rp-fixture's own webauthn-rs already verified the ceremony -- this confirms the resulting item genuinely persisted server-side, the precondition direction 1's own sync-pull proof needs)
(node:61587) [MODULE_TYPELESS_PACKAGE_JSON] Warning: Module type of file:///Users/j5on/.work/projects/passkey-vault-ios/web/src/lib/crypto/wasm/pv_wasm.js is not specified and it doesn't parse as CommonJS.
Reparsing as ES module because module syntax was detected. This incurs a performance overhead.
To eliminate this warning, add "type": "module" to /Users/j5on/.work/projects/passkey-vault-ios/web/package.json.
(Use `node --trace-warnings ...` to show where the warning was created)
{"email":"pv-e2e-43-09-ios-created-84635@example.test","rowCount":1,"passkeyRowCount":1}
PASS: sc5-register -- see stderr for the full transcript
  ✓  1 [chromium-ceremony] › e2e/ios-created-passkey-assertion.spec.ts:235:3 › Phase 12 (43-09) -- iOS-created Passkey Assertion (ROADMAP SC5, direction 1) › OPT-03: a passkey created on iOS is usable by the extension after a real sync pull, receiver-side against crates/rp-fixture, falsifiable by ciphertext corruption (1.9m)

  1 passed (1.9m)
EXIT=0
