==> native-app-register (unlocked): pinned simulator UDID: 34992BB7-4982-4915-92C7-C7FC987802AF
==> native-app-register (unlocked): pv-server healthy on http://127.0.0.1:8901 (isolated, throwaway db)
==> native-app-register (unlocked): building pv-ffi (plain variant)
==> variant: plain (no extra features -- the artifact every non-test consumer, including the appex, links)
==> uniffi version (single-sourced): 0.32.0
==> IPHONEOS_DEPLOYMENT_TARGET=18.0 (must match project.pbxproj)
==> Building pv-ffi for aarch64-apple-ios-sim (staticlib, release)
    Finished `release` profile [optimized] target(s) in 0.42s
==> Building pv-ffi for aarch64-apple-ios (staticlib, release)
    Finished `release` profile [optimized] target(s) in 0.17s
==> Generating Swift bindings (uniffi-bindgen-swift)
    Finished `dev` profile [unoptimized + debuginfo] target(s) in 0.22s
     Running `target/debug/uniffi-bindgen-swift target/aarch64-apple-ios/release/libpv_ffi.a ios/PasskeyVault/build/swift-bindings/Headers --headers --modulemap --modulemap-filename module.modulemap --module-name pv_ffiFFI`
    Finished `dev` profile [unoptimized + debuginfo] target(s) in 0.11s
     Running `target/debug/uniffi-bindgen-swift target/aarch64-apple-ios/release/libpv_ffi.a ios/PasskeyVault/build/swift-bindings --swift-sources`
==> Assembling PvFfi.xcframework
xcframework successfully written out to: /Users/j5on/.work/projects/passkey-vault-ios/ios/PasskeyVault/build/PvFfi.xcframework
==> Running the vtool slice gate
==> OK: ios-arm64 (pv_ffi-554da463dc6567f1.pv_ffi.8d9c1ff36d2991a9-cgu.08.rcgu.o) matches the expected load command (/^[[:space:]]*platform[[:space:]]+IOS$/)
==> OK: ios-arm64-simulator (pv_ffi-5ff1166bfdc679bb.pv_ffi.c9f552404ace256e-cgu.01.rcgu.o) matches the expected load command (/^[[:space:]]*platform[[:space:]]+IOSSIMULATOR$/)
==> Done. XCFramework: ios/PasskeyVault/build/PvFfi.xcframework
==> Done. Swift bindings: ios/PasskeyVault/build/swift-bindings
==> native-app-register (unlocked): building app+extension (conditions: 'PV_PROBE_E43_SC4')
==> native-app-register (unlocked): building the UI test bundle
==> native-app-register (unlocked): launching host app to seed a REAL unlocked session (PasskeyRegistrationSc4Seeder, verbatim)
==> native-app-register (unlocked): seed confirmed ok (real host-unlock + Secret C written)
==> native-app-register (unlocked): building PasskeyVaultHarness
==> native-app-register (unlocked): driving the harness app's 'Create Passkey' button + system picker (NativeAppRegisterUITests)
## XCUITest drive (exit 65) -- see /var/folders/pm/7cfyh_553n554l9880l7y2rw0000gn/T/tmp.8buTxOuSPz for the full transcript
    t =     3.18s Added attachment named 'poll-1-hierarchy'
    t =     3.18s Checking existence of `"nativeCreate.status" StaticText`
    t =     3.19s Find the "nativeCreate.status" StaticText
    t =     3.19s Get number of matches for: Elements matching predicate 'label CONTAINS[cd] "More from"'
    t =     3.20s Get number of matches for: Elements matching predicate 'label CONTAINS[cd] "More from"'
    t =     3.24s Get number of matches for: Elements matching predicate 'identifier == "ASAuthorizationControllerContinueButton"'
    t =     3.24s Get number of matches for: Elements matching predicate 'label CONTAINS[cd] "Add Passkey"'
    t =     3.25s Get number of matches for: Elements matching predicate 'label CONTAINS[cd] "Continue"'
    t =     3.25s Get number of matches for: Elements matching predicate 'identifier == "ASAuthorizationControllerContinueButton"'
    t =     3.29s Checking existence of `Any (Element at index 0)`
    t =     3.33s Find the Any (Element at index 0)
    t =     3.37s Find the Application 'com.apple.springboard'
    t =     3.53s Added attachment named 'continue-found-poll2-screenshot'
    t =     3.53s Requesting snapshot of accessibility hierarchy for app with pid 43815
    t =     3.85s Requesting snapshot of accessibility hierarchy for app with pid 43815
    t =     3.95s Added attachment named 'continue-found-poll2-hierarchy'
    t =     3.95s Tap "ASAuthorizationControllerContinueButton" Other
    t =     3.95s     Wait for com.apple.springboard to idle
    t =     4.03s     Find the "ASAuthorizationControllerContinueButton" Other
    t =     5.06s         Find the "ASAuthorizationControllerContinueButton" Other (retry 1)
    t =     6.11s         Find the "ASAuthorizationControllerContinueButton" Other (retry 2)
    t =     6.15s Requesting snapshot of accessibility hierarchy for app with pid 43815
/Users/j5on/.work/projects/passkey-vault-ios/ios/PasskeyVault/PasskeyVaultUITests/NativeAppRegisterUITests.swift:101: error: -[PasskeyVaultUITests.NativeAppRegisterUITests testNativeRegister] : Failed to tap "ASAuthorizationControllerContinueButton" Other: No matches found for Elements matching predicate 'identifier == "ASAuthorizationControllerContinueButton"' from input {(
    Window (Main), identifier: 'SBTransientOverlayWindow',
    Other,
    Other,
    Other,
    Other,
    Other,
    Other,
    Other,
    AX element pid: 43815, elementOrHash.elementID: 15338848166100570413.9999,
    AX element pid: 45292, elementOrHash.elementID: 4608119808.143,
    AX element pid: 45292, elementOrHash.elementID: 4608330880.144,
    AX element pid: 45292, elementOrHash.elementID: 4608331520.145,
    AX element pid: 45292, elementOrHash.elementID: 4608332160.146,
    AX element pid: 45292, elementOrHash.elementID: 4412430912.147,
    AX element pid: 45292, elementOrHash.elementID: 4412431360.148,
    AX element pid: 45292, elementOrHash.elementID: 4412428672.149,
    AX element pid: 45292, elementOrHash.elementID: 4412427776.150,
    AX element pid: 45292, elementOrHash.elementID: 4608328960.151,
    AX element pid: 45292, elementOrHash.elementID: 4608119296.152,
    AX element pid: 45292, elementOrHash.elementID: 4623954685922451538.9999,
    AX element pid: 46972, elementOrHash.elementID: 4425425408.3,
    AX element pid: 46972, elementOrHash.elementID: 4425153536.4,
    AX element pid: 46972, elementOrHash.elementID: 4425401664.5,
    AX element pid: 46972, elementOrHash.elementID: 4425402112.6,
    AX element pid: 46972, elementOrHash.elementID: 4425400768.7,
    AX element pid: 46972, elementOrHash.elementID: 4425403456.8,
    AX element pid: 46972, elementOrHash.elementID: 4363424768.9,
    AX element pid: 46972, elementOrHash.elementID: 4425412416.10,
    identifier: 'key.fill',
    AX element pid: 46972, elementOrHash.elementID: 4425408832.12,
    AX element pid: 46972, elementOrHash.elementID: 4425409280.13,
    AX element pid: 46972, elementOrHash.elementID: 4425410176.14,
    AX element pid: 46972, elementOrHash.elementID: 4425410624.15,
    identifier: 'passkeyRegistration.confirm',
    identifier: 'passkeyRegistration.cancel'
)}
    t =     6.50s Tear Down
Test Case '-[PasskeyVaultUITests.NativeAppRegisterUITests testNativeRegister]' failed (6.516 seconds).
Test Suite 'NativeAppRegisterUITests' failed at 2026-08-22 12:03:28.024 PM.
	 Executed 1 test, with 1 failure (0 unexpected) in 6.516 (6.517) seconds
Test Suite 'PasskeyVaultUITests.xctest' failed at 2026-08-22 12:03:28.024 PM.
	 Executed 1 test, with 1 failure (0 unexpected) in 6.516 (6.517) seconds
Test Suite 'Selected tests' failed at 2026-08-22 12:03:28.025 PM.
	 Executed 1 test, with 1 failure (0 unexpected) in 6.516 (6.518) seconds
2026-08-22 12:03:46.475 xcodebuild[46666:13271543] [MT] IDETestOperationsObserverDebug: 27.959 elapsed -- Testing started completed.
2026-08-22 12:03:46.475 xcodebuild[46666:13271543] [MT] IDETestOperationsObserverDebug: 0.000 sec, +0.000 sec -- start
2026-08-22 12:03:46.475 xcodebuild[46666:13271543] [MT] IDETestOperationsObserverDebug: 27.959 sec, +27.959 sec -- end

Test session results, code coverage, and logs:
	/tmp/pv-dd/Logs/Test/Test-PasskeyVault-2026.08.22_12-02-59-+0200.xcresult

Failing tests:
	NativeAppRegisterUITests.testNativeRegister()

** TEST FAILED **

Testing started

## Extension process os_log (cloud.blonie.PasskeyVault, ALL categories), this run
2026-08-22 12:03:25.044373+0200 0xca8a38   Default     0x22637af            46972  0    PasskeyVaultAutoFill: (PasskeyVaultAutoFill.debug.dylib) [cloud.blonie.PasskeyVault:fill] PVDIAG|method=viewDidLoad
2026-08-22 12:03:25.077464+0200 0xca8a38   Default     0x0                  46972  0    PasskeyVaultAutoFill: (PasskeyVaultAutoFill.debug.dylib) [cloud.blonie.PasskeyVault:fill] PVLOCK|entry=register stage=lazy-check status=unlocked
2026-08-22 12:03:25.077828+0200 0xca8a38   Default     0x0                  46972  0    PasskeyVaultAutoFill: (PasskeyVaultAutoFill.debug.dylib) [cloud.blonie.PasskeyVault:fill] PVFILL|passkey-reg|stage=preflight status=ok
2026-08-22 12:03:25.084972+0200 0xca8a38   Default     0x0                  46972  0    PasskeyVaultAutoFill: (PasskeyVaultAutoFill.debug.dylib) [cloud.blonie.PasskeyVault:fill] PVFILL|stage=sessionkey-read status=ok len=32
2026-08-22 12:03:25.094027+0200 0xca8a38   Default     0x0                  46972  0    PasskeyVaultAutoFill: (PasskeyVaultAutoFill.debug.dylib) [cloud.blonie.PasskeyVault:fill] PVFILL|passkey-reg|stage=opt-01-oq1 userHandleLen=16 userNameLen=30
2026-08-22 12:03:25.094057+0200 0xca8a38   Default     0x0                  46972  0    PasskeyVaultAutoFill: (PasskeyVaultAutoFill.debug.dylib) [cloud.blonie.PasskeyVault:fill] PVFILL|passkey-reg|stage=opt-01-oq1 userHandle={length = 16, bytes = 0x8e3d9bd3d8dd07216c1c45784e05ea44} userName=ios-native-register-1787393002
2026-08-22 12:03:25.173857+0200 0xca8a38   Default     0x0                  46972  0    PasskeyVaultAutoFill: (PasskeyVaultAutoFill.debug.dylib) [cloud.blonie.PasskeyVault:fill] PVDIAG|method=viewWillAppear
2026-08-22 12:03:25.700929+0200 0xca8a38   Default     0x0                  46972  0    PasskeyVaultAutoFill: (PasskeyVaultAutoFill.debug.dylib) [cloud.blonie.PasskeyVault:fill] PVDIAG|method=viewDidAppear

## Harness app os_log (cloud.blonie.PasskeyVaultHarness), this run
2026-08-22 12:03:22.971957+0200 0xca819a   Default     0x2261a6d            46661  0    PasskeyVaultHarness: (PasskeyVaultHarness.debug.dylib) [cloud.blonie.PasskeyVaultHarness:register] PVHARNESS|stage=start kind=register
2026-08-22 12:03:22.973657+0200 0xca819a   Default     0x2261a6d            46661  0    PasskeyVaultHarness: (PasskeyVaultHarness.debug.dylib) [cloud.blonie.PasskeyVaultHarness:register] PVHARNESS|stage=performRequests rpId=vault.blonie.cloud userName=ios-native-register-1787393002
